// Jest Snapshot v1, https://goo.gl/fbAQLP

exports[`snapshot 正常にレンダリングされている 1`] = `
.emotion-0 {
  display: -webkit-inline-box;
  display: -webkit-inline-flex;
  display: -ms-inline-flexbox;
  display: inline-flex;
  -webkit-appearance: none;
  -moz-appearance: none;
  -ms-appearance: none;
  appearance: none;
  -webkit-align-items: center;
  -webkit-box-align: center;
  -ms-flex-align: center;
  align-items: center;
  -webkit-box-pack: center;
  -ms-flex-pack: center;
  -webkit-justify-content: center;
  justify-content: center;
  -webkit-user-select: none;
  -moz-user-select: none;
  -ms-user-select: none;
  user-select: none;
  position: relative;
  white-space: nowrap;
  vertical-align: middle;
  outline: 2px solid transparent;
  outline-offset: 2px;
  width: -webkit-max-content;
  width: -moz-max-content;
  width: max-content;
}

.emotion-1 {
  width: 5px;
}

<div>
  <button
    class="chakra-button emotion-0"
    data-cy="ClipboardCopyButton"
    data-testid="ClipboardCopyButton"
    type="button"
  >
    <span
      class="chakra-text emotion-1"
    >
      <svg
        aria-hidden="true"
        fill="none"
        stroke="currentColor"
        stroke-width="2"
        viewBox="0 0 24 24"
        xmlns="http://www.w3.org/2000/svg"
      >
        <path
          d="M8 5H6a2 2 0 00-2 2v12a2 2 0 002 2h10a2 2 0 002-2v-1M8 5a2 2 0 002 2h2a2 2 0 002-2M8 5a2 2 0 012-2h2a2 2 0 012 2m0 0h2a2 2 0 012 2v3m2 4H10m0 0l3-3m-3 3l3 3"
          stroke-linecap="round"
          stroke-linejoin="round"
        />
      </svg>
    </span>
  </button>
</div>
`;
