// Jest Snapshot v1, https://goo.gl/fbAQLP

exports[`props:children 正常にレンダリングされている 1`] = `
.emotion-0 {
  display: -webkit-box;
  display: -webkit-flex;
  display: -ms-flexbox;
  display: flex;
  -webkit-flex-direction: column;
  -ms-flex-direction: column;
  flex-direction: column;
  min-height: 100vh;
  margin-top: 16px;
}

.emotion-1 {
  width: 100%;
  height: 100%;
  overflow: visible;
}

.emotion-2 {
  display: -webkit-box;
  display: -webkit-flex;
  display: -ms-flexbox;
  display: flex;
  -webkit-box-pack: center;
  -ms-flex-pack: center;
  -webkit-justify-content: center;
  justify-content: center;
  color: neutral.600;
  width: 100%;
  margin-top: auto;
  font-size: sm;
  padding-top: 3px;
  padding-bottom: 3px;
  border-top: 1px;
  border-top-color: neutral.200;
}

<div>
  <div
    class="emotion-0"
    data-cy="HomeLayout"
    data-testid="HomeLayout"
  >
    <main
      class="emotion-1"
      data-cy="Main"
      data-testid="Main"
    >
      サンプルテキスト
    </main>
    <footer
      class="emotion-2"
      data-cy="Footer"
      data-testid="Footer"
    >
      © Advanced Institute of Industrial Technology, Oikawa Project Team 2022
    </footer>
  </div>
</div>
`;
