// Jest Snapshot v1, https://goo.gl/fbAQLP

exports[`snapshots 最新のスナップショットに更新されている 1`] = `
.emotion-0 {
  position: relative;
}

.emotion-0::before {
  display: block;
  content: "";
  width: 688px;
  height: 477px;
  position: absolute;
  top: -52px;
  right: 0px;
  background: url("/images/pages/home/bg_right-obj_01.svg") no-repeat 0 0;
  z-index: -1;
}

.emotion-1 {
  width: 1264px;
  margin: 0 auto;
}

.emotion-2 {
  font-size: 30px;
  margin-top: 120px;
  margin-bottom: 50px;
  padding-bottom: 6px;
  text-align: center;
  position: relative;
}

.emotion-2::after {
  display: block;
  content: "";
  width: 4rem;
  height: 4px;
  background-color: primary.500;
  border-radius: 9999px;
  position: absolute;
  left: 50%;
  bottom: 0px;
  -webkit-transform: translateX(-50%);
  -moz-transform: translateX(-50%);
  -ms-transform: translateX(-50%);
  transform: translateX(-50%);
}

.emotion-3 {
  display: grid;
  grid-template-columns: repeat(3, minmax(0, 1fr));
  margin-bottom: 40px;
}

.emotion-4 {
  padding: 8px;
}

.emotion-5 {
  margin-bottom: 6px;
}

.emotion-7 {
  padding: 8px;
  border-left: 1px;
  border-color: neutral.200;
}

<div>
  <div
    class="emotion-0"
    data-cy="HomeFeature"
    data-testid="HomeFeature"
  >
    <div
      class="emotion-1"
    >
      <h2
        class="chakra-heading emotion-2"
      >
        Repoの特徴
      </h2>
      <div
        class="emotion-3"
      >
        <div
          class="emotion-4"
        >
          <h3
            class="chakra-heading emotion-5"
          >
            簡単に過去の週報を見返せる！
          </h3>
          <p
            class="chakra-text emotion-6"
          >
             
            週報一覧から参照したい週報を容易にストレスなく閲覧することができます。
          </p>
        </div>
        <div
          class="emotion-7"
        >
          <h3
            class="chakra-heading emotion-5"
          >
            週報を素早く記入できる！
          </h3>
          <p
            class="chakra-text emotion-6"
          >
             
            週報作成時に登録したフォーマットを反映させることで、入力時間を大幅に短縮できます。
          </p>
        </div>
        <div
          class="emotion-7"
        >
          <h3
            class="chakra-heading emotion-5"
          >
            週報の記入を忘れない！
          </h3>
          <p
            class="chakra-text emotion-6"
          >
             
            週報提出期限が近づくと、リマインダーを受け取ることができます。
          </p>
        </div>
      </div>
    </div>
  </div>
</div>
`;
