// Jest Snapshot v1, https://goo.gl/fbAQLP

exports[`props:message メッセージが正常にレンダリングされている 1`] = `
.emotion-0 {
  color: red;
  margin-bottom: 4px;
}

<div>
  <p
    class="chakra-text emotion-0"
    data-cy="ValidationErrorMessage"
    data-testid="ValidationErrorMessage"
  >
    サンプルテキスト
  </p>
</div>
`;
