// Jest Snapshot v1, https://goo.gl/fbAQLP

exports[`props:children 正常にレンダリングされている 1`] = `
.emotion-0 {
  color: primary.500;
}

.emotion-0:hover,
.emotion-0[data-hover] {
  text-decoration-line: underline;
}

<div>
  <a
    class="chakra-text emotion-0"
    data-testid="Link"
    href="/sample"
  >
    サンプルテキストリンク内
  </a>
</div>
`;
